// Jest Snapshot v1, https://goo.gl/fbAQLP

exports[`Loader 1`] = `
<div
  className="loader"
>
  <div
    className="ball-pulse-sync"
  >
    <div />
    <div />
    <div />
  </div>
</div>
`;
